// Jest Snapshot v1, https://goo.gl/fbAQLP

exports[`renders HelloMessage correctly 1`] = `
<div>
  Hello 
  world
</div>
`;
